[0.023s] Invoking command in '/home/sharo/mine-adas/ros2_ws/build/sllidar_ros2': CMAKE_PREFIX_PATH=${CMAKE_PREFIX_PATH}:/home/sharo/cognipilot/cranium/install/b3rb_ros_line_follower:/home/sharo/cognipilot/cranium/install/b3rb_control:/home/sharo/Downloads/NXP_CUP_INDIA_2026/install/b3rb_ros_line_follower:/home/sharo/Documents/NXP_CUP_INDIA_2026/install/b3rb_ros_line_follower:/opt/ros/humble /usr/bin/cmake --build /home/sharo/mine-adas/ros2_ws/build/sllidar_ros2 -- -j8 -l8
[0.085s] [35m[1mConsolidate compiler generated dependencies of target sllidar_client[0m
[0.089s] [35m[1mConsolidate compiler generated dependencies of target sllidar_node[0m
[0.106s] [ 10%] Built target sllidar_client
[0.122s] [100%] Built target sllidar_node
[0.139s] Invoked command in '/home/sharo/mine-adas/ros2_ws/build/sllidar_ros2' returned '0': CMAKE_PREFIX_PATH=${CMAKE_PREFIX_PATH}:/home/sharo/cognipilot/cranium/install/b3rb_ros_line_follower:/home/sharo/cognipilot/cranium/install/b3rb_control:/home/sharo/Downloads/NXP_CUP_INDIA_2026/install/b3rb_ros_line_follower:/home/sharo/Documents/NXP_CUP_INDIA_2026/install/b3rb_ros_line_follower:/opt/ros/humble /usr/bin/cmake --build /home/sharo/mine-adas/ros2_ws/build/sllidar_ros2 -- -j8 -l8
[0.153s] Invoking command in '/home/sharo/mine-adas/ros2_ws/build/sllidar_ros2': CMAKE_PREFIX_PATH=${CMAKE_PREFIX_PATH}:/home/sharo/cognipilot/cranium/install/b3rb_ros_line_follower:/home/sharo/cognipilot/cranium/install/b3rb_control:/home/sharo/Downloads/NXP_CUP_INDIA_2026/install/b3rb_ros_line_follower:/home/sharo/Documents/NXP_CUP_INDIA_2026/install/b3rb_ros_line_follower:/opt/ros/humble /usr/bin/cmake --install /home/sharo/mine-adas/ros2_ws/build/sllidar_ros2
[0.162s] -- Install configuration: ""
[0.162s] -- Execute custom install script
[0.163s] -- Up-to-date symlink: /home/sharo/mine-adas/ros2_ws/install/sllidar_ros2/share/sllidar_ros2/launch/sllidar_a1_launch.py
[0.163s] -- Up-to-date symlink: /home/sharo/mine-adas/ros2_ws/install/sllidar_ros2/share/sllidar_ros2/launch/sllidar_a2m12_launch .py
[0.163s] -- Up-to-date symlink: /home/sharo/mine-adas/ros2_ws/install/sllidar_ros2/share/sllidar_ros2/launch/sllidar_a2m7_launch.py
[0.164s] -- Up-to-date symlink: /home/sharo/mine-adas/ros2_ws/install/sllidar_ros2/share/sllidar_ros2/launch/sllidar_a2m8_launch.py
[0.164s] -- Up-to-date symlink: /home/sharo/mine-adas/ros2_ws/install/sllidar_ros2/share/sllidar_ros2/launch/sllidar_a3_launch.py
[0.164s] -- Up-to-date symlink: /home/sharo/mine-adas/ros2_ws/install/sllidar_ros2/share/sllidar_ros2/launch/sllidar_c1_launch.py
[0.164s] -- Up-to-date symlink: /home/sharo/mine-adas/ros2_ws/install/sllidar_ros2/share/sllidar_ros2/launch/sllidar_s1_launch.py
[0.164s] -- Up-to-date symlink: /home/sharo/mine-adas/ros2_ws/install/sllidar_ros2/share/sllidar_ros2/launch/sllidar_s1_tcp_launch.py
[0.164s] -- Up-to-date symlink: /home/sharo/mine-adas/ros2_ws/install/sllidar_ros2/share/sllidar_ros2/launch/sllidar_s2_launch.py
[0.164s] -- Up-to-date symlink: /home/sharo/mine-adas/ros2_ws/install/sllidar_ros2/share/sllidar_ros2/launch/sllidar_s2e_launch.py
[0.164s] -- Up-to-date symlink: /home/sharo/mine-adas/ros2_ws/install/sllidar_ros2/share/sllidar_ros2/launch/sllidar_s3_launch.py
[0.164s] -- Up-to-date symlink: /home/sharo/mine-adas/ros2_ws/install/sllidar_ros2/share/sllidar_ros2/launch/sllidar_t1_launch.py
[0.164s] -- Up-to-date symlink: /home/sharo/mine-adas/ros2_ws/install/sllidar_ros2/share/sllidar_ros2/launch/view_sllidar_a1_launch.py
[0.164s] -- Up-to-date symlink: /home/sharo/mine-adas/ros2_ws/install/sllidar_ros2/share/sllidar_ros2/launch/view_sllidar_a2m12_launch.py
[0.164s] -- Up-to-date symlink: /home/sharo/mine-adas/ros2_ws/install/sllidar_ros2/share/sllidar_ros2/launch/view_sllidar_a2m7_launch.py
[0.164s] -- Up-to-date symlink: /home/sharo/mine-adas/ros2_ws/install/sllidar_ros2/share/sllidar_ros2/launch/view_sllidar_a2m8_launch.py
[0.165s] -- Up-to-date symlink: /home/sharo/mine-adas/ros2_ws/install/sllidar_ros2/share/sllidar_ros2/launch/view_sllidar_a3_launch.py
[0.165s] -- Up-to-date symlink: /home/sharo/mine-adas/ros2_ws/install/sllidar_ros2/share/sllidar_ros2/launch/view_sllidar_c1_launch.py
[0.165s] -- Up-to-date symlink: /home/sharo/mine-adas/ros2_ws/install/sllidar_ros2/share/sllidar_ros2/launch/view_sllidar_s1_launch.py
[0.165s] -- Up-to-date symlink: /home/sharo/mine-adas/ros2_ws/install/sllidar_ros2/share/sllidar_ros2/launch/view_sllidar_s1_tcp_launch.py
[0.165s] -- Up-to-date symlink: /home/sharo/mine-adas/ros2_ws/install/sllidar_ros2/share/sllidar_ros2/launch/view_sllidar_s2_launch.py
[0.165s] -- Up-to-date symlink: /home/sharo/mine-adas/ros2_ws/install/sllidar_ros2/share/sllidar_ros2/launch/view_sllidar_s2e_launch.py
[0.165s] -- Up-to-date symlink: /home/sharo/mine-adas/ros2_ws/install/sllidar_ros2/share/sllidar_ros2/launch/view_sllidar_s3_launch.py
[0.165s] -- Up-to-date symlink: /home/sharo/mine-adas/ros2_ws/install/sllidar_ros2/share/sllidar_ros2/launch/view_sllidar_t1_launch.py
[0.165s] -- Up-to-date symlink: /home/sharo/mine-adas/ros2_ws/install/sllidar_ros2/share/sllidar_ros2/rviz/sllidar_ros2.rviz
[0.166s] -- Up-to-date symlink: /home/sharo/mine-adas/ros2_ws/install/sllidar_ros2/lib/sllidar_ros2/sllidar_node
[0.166s] -- Up-to-date symlink: /home/sharo/mine-adas/ros2_ws/install/sllidar_ros2/lib/sllidar_ros2/sllidar_client
[0.166s] -- Up-to-date symlink: /home/sharo/mine-adas/ros2_ws/install/sllidar_ros2/share/ament_index/resource_index/package_run_dependencies/sllidar_ros2
[0.166s] -- Up-to-date symlink: /home/sharo/mine-adas/ros2_ws/install/sllidar_ros2/share/ament_index/resource_index/parent_prefix_path/sllidar_ros2
[0.166s] -- Up-to-date symlink: /home/sharo/mine-adas/ros2_ws/install/sllidar_ros2/share/sllidar_ros2/environment/ament_prefix_path.sh
[0.166s] -- Up-to-date symlink: /home/sharo/mine-adas/ros2_ws/install/sllidar_ros2/share/sllidar_ros2/environment/ament_prefix_path.dsv
[0.166s] -- Up-to-date symlink: /home/sharo/mine-adas/ros2_ws/install/sllidar_ros2/share/sllidar_ros2/environment/path.sh
[0.167s] -- Up-to-date symlink: /home/sharo/mine-adas/ros2_ws/install/sllidar_ros2/share/sllidar_ros2/environment/path.dsv
[0.167s] -- Up-to-date symlink: /home/sharo/mine-adas/ros2_ws/install/sllidar_ros2/share/sllidar_ros2/local_setup.bash
[0.167s] -- Up-to-date symlink: /home/sharo/mine-adas/ros2_ws/install/sllidar_ros2/share/sllidar_ros2/local_setup.sh
[0.167s] -- Up-to-date symlink: /home/sharo/mine-adas/ros2_ws/install/sllidar_ros2/share/sllidar_ros2/local_setup.zsh
[0.167s] -- Up-to-date symlink: /home/sharo/mine-adas/ros2_ws/install/sllidar_ros2/share/sllidar_ros2/local_setup.dsv
[0.167s] -- Symlinking: /home/sharo/mine-adas/ros2_ws/install/sllidar_ros2/share/sllidar_ros2/package.dsv
[0.180s] -- Up-to-date symlink: /home/sharo/mine-adas/ros2_ws/install/sllidar_ros2/share/ament_index/resource_index/packages/sllidar_ros2
[0.181s] -- Up-to-date symlink: /home/sharo/mine-adas/ros2_ws/install/sllidar_ros2/share/sllidar_ros2/cmake/ament_cmake_export_dependencies-extras.cmake
[0.181s] -- Up-to-date symlink: /home/sharo/mine-adas/ros2_ws/install/sllidar_ros2/share/sllidar_ros2/cmake/ament_cmake_export_include_directories-extras.cmake
[0.181s] -- Up-to-date symlink: /home/sharo/mine-adas/ros2_ws/install/sllidar_ros2/share/sllidar_ros2/cmake/sllidar_ros2Config.cmake
[0.181s] -- Up-to-date symlink: /home/sharo/mine-adas/ros2_ws/install/sllidar_ros2/share/sllidar_ros2/cmake/sllidar_ros2Config-version.cmake
[0.181s] -- Up-to-date symlink: /home/sharo/mine-adas/ros2_ws/install/sllidar_ros2/share/sllidar_ros2/package.xml
[0.184s] Invoked command in '/home/sharo/mine-adas/ros2_ws/build/sllidar_ros2' returned '0': CMAKE_PREFIX_PATH=${CMAKE_PREFIX_PATH}:/home/sharo/cognipilot/cranium/install/b3rb_ros_line_follower:/home/sharo/cognipilot/cranium/install/b3rb_control:/home/sharo/Downloads/NXP_CUP_INDIA_2026/install/b3rb_ros_line_follower:/home/sharo/Documents/NXP_CUP_INDIA_2026/install/b3rb_ros_line_follower:/opt/ros/humble /usr/bin/cmake --install /home/sharo/mine-adas/ros2_ws/build/sllidar_ros2
